
 Start  Stop   Length Name                   Class            Group
 00000H 023FFH 02400H CHASH1                 CHASH1
 02400H 05C96H 03897H CODE                   CODE
 05CA0H 0D48FH 077F0H DATA                   DATA
 0D490H 0DC5FH 007D0H STACK                  
 0DC60H 0DCEFH 00090H PALET                  PALET

 Origin   Group

  Address         Publics by Value

 0240:0080       SSRSRT
 0240:00B6       SSRRED
 0240:00F3       SSWENT
 0240:013C       SSWEOF
 0240:0164       SSWSET
 0240:019A       SSWWRT
 0240:01EA       SSKILL
 0240:0226       SSDSKF
 0240:0238       SSDSKS
 0240:026A       SSFDDV
 0240:04E6       SSRDIR
 0240:050A       SSWDIR
 0240:0618       SSRINI
 0240:061C       SSRDRV
 0240:065A       SSRDNO
 0240:065E       SSRRST
 0240:06C0       SCINIT
 0240:06EE       SCREAD
 0240:06F5       SCWRITE
 0240:06FC       SCFLASH
 0240:0703       SCRDIPL
 0240:0712       SCDRRST
 0240:0733       SCDRECA
 0240:0737       SCDRSET
 0240:073B       SCDRNO
 0240:073F       SCDOOR
 0240:09D0       SSMSRT
 0240:09DD       SSMSTP
 0240:09E4       SSMMDE
 0240:0AA7       SSMMDA
 0240:0B90       PSMAIN
 0240:0F20       CMPCOM
 0240:0F87       CMPROC
 0240:10A0       CMDIR
 0240:10C1       CMFAT
 0240:1330       CMTYPE
 0240:13A0       CMLCOM
 0240:140D       CMLEXE
 0240:1500       CMMINT
 0240:1515       CMFREE
 0240:151A       CMFREC
 0240:1523       CMMALC
 0240:152E       CMMCUT
 0240:1546       CMMFST
 0240:154B       CMMPSP
 0240:1550       CMMPSG
 0240:1555       CMMPES
 0240:155A       CMMPEG
 0240:155F       CMMPFR
 0240:1580       CMMMAX
 0240:1590       CMDMPT
 0240:171A       CMDBIO
 0240:1B85       CMDDMD
 0240:1BA6       CMDFDS
 0240:1D30       CMDVTEST
 0240:21D0       CMKILL
 0240:221C       CMFFIL
 0240:22B4       CMCOPY
 0240:23D0       CMDIMAGE
 0240:24B7       VV_SETUP_EGA
 0240:24BB       VV_SETUP_VGA
 0240:24BF       VV_SETUP_RET
 0240:24EA       VV_PUT_MODE_SET
 0240:255A       VV_PLEAN_SLCT
 0240:2570       LODBET
 0240:2620       LODPLT
 0240:2670       PLSET
 0240:26C9       PLPSET
 0240:2790       SETCLR
 0240:2918       CLRSET
 0240:2990       DSKLD
 0240:2A30       I21HSET
 0240:2A37       I21HRST
 0240:2A3B       I21HDRV
 0240:2A40       I21HRET
 0240:2FF0       FFOPEN
 0240:3025       FFCLOS
 0240:3026       FFREAD
 0240:30F7       FFDRV
 0240:3180       FWOPEN
 0240:31EA       FWCLOS
 0240:325D       FWRITE
 0240:32EB       FWKILL
 0240:3302       FWFREE
 0240:335E       FWREST
 0240:3410       PRNAH
 0240:344B       PRINT
 0240:3462       DECSTR
 0240:3499       INPUT
 0240:34B9       STRDEC
 0240:34F3       HEXSTR
 0240:3535       STRHEX
 0240:3562       BINSTR
 0240:358E       STRBIN
 0240:35AB       STRCMP
 0240:35BD       CLS
 0240:35DB       CSLON
 0240:35E5       CSLOFF
 0240:35EF       INPCHR
 0240:35FA       CHPUT
 0240:3600       KESCAP
 0240:3642       KEYLOD
 0240:3646       PRNAB
 0240:365A       LOCATE
 0240:365E       LFPRN
 0240:3667       D10STR
 0240:36AC       PRNCOL
 0240:36B0       CCCIN
 0240:36C8       CCCOUT
 0240:36E4       CCCRD
 0240:36F8       CCCLOC
 0240:3700       CCCCOL
 05CA:00D0       FD_FAT_SECTOR
 05CA:00D2       FD_ROOT_SECTOR
 05CA:00D4       FD_DIRMAX
 05CA:00D6       FD_CLAST_OFFSET
 05CA:00D8       FD_MIN_CLAST
 05CA:00DA       FD_MAX_CLAST
 05CA:00DC       FD_LEN_CLAST
 05CA:00DE       FD_LEN_SECTOR
 05CA:00E0       FD_MAX_SECTOR
 05CA:00E2       FD_SEC_P_CLAST
 05CA:0180       RDF_CHASH_SEG
 05CA:0182       RDF_CHASH_OFS
 05CA:0184       MPT_TABLE_LEN
 05CA:0186       MPT_TABLE_SEG
 05CA:0188       MPT_TABLE_OFS
 05CA:0196       IPL_TABLE_LEN
 05CA:0198       IPL_TABLE_SEG
 05CA:019A       IPL_TABLE_OFS
 05CA:059C       RDF_FAT
 05CA:059E       RDF_ROOT
 05CA:05A0       CLST_R_LENGTH
 05CA:05A2       CLST_W_LENGTH
 05CA:05A4       ROOTBUF
 05CA:55A4       SCDATA
 05CA:59A6       CLST_R_BUFF
 05CA:5DA6       CLST_W_BUFF
 05CA:5DA6       CLST_R_BUFF_END
 05CA:61A6       CLST_W_BUFF_END
 05CA:7340       CRXVEW
 05CA:7342       CRXCNS
 05CA:7344       CRXBRI
 05CA:7346       CRXWHI
 05CA:7350       CLRCDE
 05CA:7352       CLRVEW
 05CA:7354       CLRCNS
 05CA:7356       CLRBRI
 05CA:7358       CRNUM
 05CA:735A       CBLUE
 05CA:735C       CRED
 05CA:735E       CGREEN
 05CA:75F2       FLCURT
 05CA:7690       FLGCON
 0DC6:0000       PLTNUM
 0DC6:0004       PLTOFS
 0DC6:0008       PCNOFS
 0DC6:000C       PBROFS
